[main 605900a] Daily auto commit
 2 files changed, 1 insertion(+)
 create mode 100644 cron.log
remote: Bypassed rule violations for refs/heads/main:        
remote: 
remote: - Changes must be made through a pull request.        
remote: 
remote: - Cannot update this protected ref.        
remote: 
To https://github.com/shiva676466/DSA-Package.git
   5083153..605900a  main -> main
Done
[main b7d528f] Daily auto commit
 2 files changed, 13 insertions(+)
remote: Bypassed rule violations for refs/heads/main:        
remote: 
remote: - Changes must be made through a pull request.        
remote: 
remote: - Cannot update this protected ref.        
remote: 
To https://github.com/shiva676466/DSA-Package.git
   605900a..b7d528f  main -> main
Done
